Archive member included to satisfy reference by file (symbol)

/usr/lib/gcc/arm-none-eabi/13.2.1/../../../arm-none-eabi/lib/thumb/v7e-m+fp/hard/libc_nano.a(libc_a-init.o)
                              /usr/lib/gcc/arm-none-eabi/13.2.1/../../../arm-none-eabi/lib/thumb/v7e-m+fp/hard/crt0.o (__libc_init_array)
/usr/lib/gcc/arm-none-eabi/13.2.1/../../../arm-none-eabi/lib/thumb/v7e-m+fp/hard/libc_nano.a(libc_a-memset.o)
                              /usr/lib/gcc/arm-none-eabi/13.2.1/../../../arm-none-eabi/lib/thumb/v7e-m+fp/hard/crt0.o (memset)
/usr/lib/gcc/arm-none-eabi/13.2.1/../../../arm-none-eabi/lib/thumb/v7e-m+fp/hard/libc_nano.a(libc_a-exit.o)
                              /usr/lib/gcc/arm-none-eabi/13.2.1/../../../arm-none-eabi/lib/thumb/v7e-m+fp/hard/crt0.o (exit)
/usr/lib/gcc/arm-none-eabi/13.2.1/../../../arm-none-eabi/lib/thumb/v7e-m+fp/hard/libc_nano.a(libc_a-atexit.o)
                              /usr/lib/gcc/arm-none-eabi/13.2.1/../../../arm-none-eabi/lib/thumb/v7e-m+fp/hard/crt0.o (atexit)
/usr/lib/gcc/arm-none-eabi/13.2.1/../../../arm-none-eabi/lib/thumb/v7e-m+fp/hard/libc_nano.a(libc_a-fini.o)
                              /usr/lib/gcc/arm-none-eabi/13.2.1/../../../arm-none-eabi/lib/thumb/v7e-m+fp/hard/crt0.o (__libc_fini_array)
/usr/lib/gcc/arm-none-eabi/13.2.1/../../../arm-none-eabi/lib/thumb/v7e-m+fp/hard/libc_nano.a(libc_a-findfp.o)
                              /usr/lib/gcc/arm-none-eabi/13.2.1/../../../arm-none-eabi/lib/thumb/v7e-m+fp/hard/libc_nano.a(libc_a-exit.o) (__stdio_exit_handler)
/usr/lib/gcc/arm-none-eabi/13.2.1/../../../arm-none-eabi/lib/thumb/v7e-m+fp/hard/libc_nano.a(libc_a-fflush.o)
                              /usr/lib/gcc/arm-none-eabi/13.2.1/../../../arm-none-eabi/lib/thumb/v7e-m+fp/hard/libc_nano.a(libc_a-findfp.o) (_fflush_r)
/usr/lib/gcc/arm-none-eabi/13.2.1/../../../arm-none-eabi/lib/thumb/v7e-m+fp/hard/libc_nano.a(libc_a-mallocr.o)
                              /usr/lib/gcc/arm-none-eabi/13.2.1/../../../arm-none-eabi/lib/thumb/v7e-m+fp/hard/libc_nano.a(libc_a-findfp.o) (_malloc_r)
/usr/lib/gcc/arm-none-eabi/13.2.1/../../../arm-none-eabi/lib/thumb/v7e-m+fp/hard/libc_nano.a(libc_a-freer.o)
                              /usr/lib/gcc/arm-none-eabi/13.2.1/../../../arm-none-eabi/lib/thumb/v7e-m+fp/hard/libc_nano.a(libc_a-fflush.o) (_free_r)
/usr/lib/gcc/arm-none-eabi/13.2.1/../../../arm-none-eabi/lib/thumb/v7e-m+fp/hard/libc_nano.a(libc_a-fwalk.o)
                              /usr/lib/gcc/arm-none-eabi/13.2.1/../../../arm-none-eabi/lib/thumb/v7e-m+fp/hard/libc_nano.a(libc_a-findfp.o) (_fwalk_sglue)
/usr/lib/gcc/arm-none-eabi/13.2.1/../../../arm-none-eabi/lib/thumb/v7e-m+fp/hard/libc_nano.a(libc_a-__atexit.o)
                              /usr/lib/gcc/arm-none-eabi/13.2.1/../../../arm-none-eabi/lib/thumb/v7e-m+fp/hard/libc_nano.a(libc_a-atexit.o) (__register_exitproc)
/usr/lib/gcc/arm-none-eabi/13.2.1/../../../arm-none-eabi/lib/thumb/v7e-m+fp/hard/libc_nano.a(libc_a-mlock.o)
                              /usr/lib/gcc/arm-none-eabi/13.2.1/../../../arm-none-eabi/lib/thumb/v7e-m+fp/hard/libc_nano.a(libc_a-mallocr.o) (__malloc_lock)
/usr/lib/gcc/arm-none-eabi/13.2.1/../../../arm-none-eabi/lib/thumb/v7e-m+fp/hard/libc_nano.a(libc_a-sbrkr.o)
                              /usr/lib/gcc/arm-none-eabi/13.2.1/../../../arm-none-eabi/lib/thumb/v7e-m+fp/hard/libc_nano.a(libc_a-mallocr.o) (_sbrk_r)
/usr/lib/gcc/arm-none-eabi/13.2.1/../../../arm-none-eabi/lib/thumb/v7e-m+fp/hard/libc_nano.a(libc_a-stdio.o)
                              /usr/lib/gcc/arm-none-eabi/13.2.1/../../../arm-none-eabi/lib/thumb/v7e-m+fp/hard/libc_nano.a(libc_a-findfp.o) (__sread)
/usr/lib/gcc/arm-none-eabi/13.2.1/../../../arm-none-eabi/lib/thumb/v7e-m+fp/hard/libc_nano.a(libc_a-impure.o)
                              /usr/lib/gcc/arm-none-eabi/13.2.1/../../../arm-none-eabi/lib/thumb/v7e-m+fp/hard/libc_nano.a(libc_a-fflush.o) (_impure_ptr)
/usr/lib/gcc/arm-none-eabi/13.2.1/../../../arm-none-eabi/lib/thumb/v7e-m+fp/hard/libc_nano.a(libc_a-closer.o)
                              /usr/lib/gcc/arm-none-eabi/13.2.1/../../../arm-none-eabi/lib/thumb/v7e-m+fp/hard/libc_nano.a(libc_a-stdio.o) (_close_r)
/usr/lib/gcc/arm-none-eabi/13.2.1/../../../arm-none-eabi/lib/thumb/v7e-m+fp/hard/libc_nano.a(libc_a-__call_atexit.o)
                              /usr/lib/gcc/arm-none-eabi/13.2.1/../../../arm-none-eabi/lib/thumb/v7e-m+fp/hard/libc_nano.a(libc_a-__atexit.o) (__call_exitprocs)
/usr/lib/gcc/arm-none-eabi/13.2.1/../../../arm-none-eabi/lib/thumb/v7e-m+fp/hard/libc_nano.a(libc_a-readr.o)
                              /usr/lib/gcc/arm-none-eabi/13.2.1/../../../arm-none-eabi/lib/thumb/v7e-m+fp/hard/libc_nano.a(libc_a-stdio.o) (_read_r)
/usr/lib/gcc/arm-none-eabi/13.2.1/../../../arm-none-eabi/lib/thumb/v7e-m+fp/hard/libc_nano.a(libc_a-reent.o)
                              /usr/lib/gcc/arm-none-eabi/13.2.1/../../../arm-none-eabi/lib/thumb/v7e-m+fp/hard/libc_nano.a(libc_a-sbrkr.o) (errno)
[...]
Memory Configuration

Name             Origin             Length             Attributes
FLASH            0x08000000         0x00080000         xr
RAM              0x20000000         0x00020000         xrw
*default*        0x00000000         0xffffffff

Linker script and memory map

LOAD /usr/lib/gcc/arm-none-eabi/13.2.1/thumb/v7e-m+fp/hard/crti.o
LOAD /usr/lib/gcc/arm-none-eabi/13.2.1/thumb/v7e-m+fp/hard/crtbegin.o
LOAD /usr/lib/gcc/arm-none-eabi/13.2.1/../../../arm-none-eabi/lib/thumb/v7e-m+fp/hard/crt0.o
LOAD build/main.o
LOAD build/system.o
LOAD build/hc_sr04.o
LOAD build/uart.o
LOAD build/motion.o
LOAD build/startup_stm32f411retx.o
LOAD /usr/lib/gcc/arm-none-eabi/13.2.1/../../../arm-none-eabi/lib/thumb/v7e-m+fp/hard/libc_nano.a
LOAD /usr/lib/gcc/arm-none-eabi/13.2.1/../../../arm-none-eabi/lib/thumb/v7e-m+fp/hard/libm.a
LOAD /usr/lib/gcc/arm-none-eabi/13.2.1/../../../arm-none-eabi/lib/thumb/v7e-m+fp/hard/libnosys.a
START GROUP
LOAD /usr/lib/gcc/arm-none-eabi/13.2.1/thumb/v7e-m+fp/hard/libgcc.a
LOAD /usr/lib/gcc/arm-none-eabi/13.2.1/../../../arm-none-eabi/lib/thumb/v7e-m+fp/hard/libc_nano.a
END GROUP
START GROUP
LOAD /usr/lib/gcc/arm-none-eabi/13.2.1/thumb/v7e-m+fp/hard/libgcc.a
LOAD /usr/lib/gcc/arm-none-eabi/13.2.1/../../../arm-none-eabi/lib/thumb/v7e-m+fp/hard/libc_nano.a
END GROUP
LOAD /usr/lib/gcc/arm-none-eabi/13.2.1/thumb/v7e-m+fp/hard/crtend.o
LOAD /usr/lib/gcc/arm-none-eabi/13.2.1/thumb/v7e-m+fp/hard/crtn.o
                0x20020000                        _estack = 0x20020000

.text           0x08000000     0x10f8
                0x08000000                        . = ALIGN (0x4)
 *(.isr_vector)
 .isr_vector    0x08000000      0x194 build/startup_stm32f411retx.o
                0x08000000                g_pfnVectors
 *(.text)
 *(.text*)
 .text.startup.main
                0x08000194      0x518 build/main.o
                0x08000194                main
 .text.system_init
                0x080006ac       0x4c build/system.o
                0x080006ac                system_init
 .text.SysTick_Handler
                0x080006f8       0x10 build/system.o
                0x080006f8                SysTick_Handler
 .text.get_tick_ms
                0x08000708        0xc build/system.o
                0x08000708                get_tick_ms
 .text.delay_ms
                0x08000714       0x14 build/system.o
                0x08000714                delay_ms
 .text.delay_us
                0x08000728       0x10 build/system.o
                0x08000728                delay_us
 .text.hc_sr04_init
                0x08000738       0x38 build/hc_sr04.o
                0x08000738                hc_sr04_init
 .text.hc_sr04_measure_us
                0x08000770       0x60 build/hc_sr04.o
                0x08000770                hc_sr04_measure_us
 .text.hc_sr04_measure_cm_x100
                0x080007d0       0x20 build/hc_sr04.o
                0x080007d0                hc_sr04_measure_cm_x100
 .text.print_digits
                0x080007f0       0x98 build/uart.o
 .text.uart_init
                0x08000888       0x48 build/uart.o
                0x08000888                uart_init
 .text.uart_putchar
                0x080008d0       0x10 build/uart.o
                0x080008d0                uart_putchar
 .text.uart_print
                0x080008e0       0x1c build/uart.o
                0x080008e0                uart_print
 .text.uart_print_uint
                0x080008fc       0x98 build/uart.o
                0x080008fc                uart_print_uint
 .text.uart_print_cm
                0x08000994      0x104 build/uart.o
                0x08000994                uart_print_cm
 .text.uart_getchar_nb
                0x08000a98       0x18 build/uart.o
                0x08000a98                uart_getchar_nb
 .text.uart_getchar_wait
                0x08000ab0       0x40 build/uart.o
                0x08000ab0                uart_getchar_wait
 .text.motion_init
                0x08000af0       0x14 build/motion.o
                0x08000af0                motion_init
 .text.motion_classify
                0x08000b04       0x18 build/motion.o
                0x08000b04                motion_classify
 .text.motion_trend_str
                0x08000b1c       0x24 build/motion.o
                0x08000b1c                motion_trend_str
 .text.motion_speed_x100
                0x08000b40       0x1c build/motion.o
                0x08000b40                motion_speed_x100
 .text.motion_update_window
                0x08000b5c       0x44 build/motion.o
                0x08000b5c                motion_update_window
 .text.motion_avg_speed_x100
                0x08000ba0       0xa0 build/motion.o
                0x08000ba0                motion_avg_speed_x100
 .text.Reset_Handler
                0x08000c40       0x48 build/startup_stm32f411retx.o
                0x08000c40                Reset_Handler
 .text.Default_Handler
                0x08000c88        0x2 build/startup_stm32f411retx.o
                0x08000c88                RTC_Alarm_IRQHandler
                0x08000c88                EXTI2_IRQHandler
                0x08000c88                TIM8_CC_IRQHandler
                0x08000c88                DebugMon_Handler
                0x08000c88                SPI4_IRQHandler
                0x08000c88                TIM1_CC_IRQHandler
                0x08000c88                DMA2_Stream5_IRQHandler
                0x08000c88                HardFault_Handler
                0x08000c88                DMA1_Stream5_IRQHandler
                0x08000c88                PVD_IRQHandler
                0x08000c88                SDIO_IRQHandler
                0x08000c88                TAMP_STAMP_IRQHandler
                0x08000c88                PendSV_Handler
                0x08000c88                NMI_Handler
                0x08000c88                EXTI3_IRQHandler
                0x08000c88                TIM8_TRG_COM_TIM14_IRQHandler
                0x08000c88                TIM1_UP_TIM10_IRQHandler
                0x08000c88                TIM8_UP_TIM13_IRQHandler
                0x08000c88                I2C3_ER_IRQHandler
                0x08000c88                EXTI0_IRQHandler
                0x08000c88                I2C2_EV_IRQHandler
                0x08000c88                DMA1_Stream2_IRQHandler
                0x08000c88                FPU_IRQHandler
                0x08000c88                UsageFault_Handler
                0x08000c88                DMA2_Stream2_IRQHandler
                0x08000c88                SPI1_IRQHandler
                0x08000c88                TIM1_BRK_TIM9_IRQHandler
                0x08000c88                DMA2_Stream3_IRQHandler
                0x08000c88                USART6_IRQHandler
                0x08000c88                USART3_IRQHandler
                0x08000c88                DMA2_Stream0_IRQHandler
                0x08000c88                TIM4_IRQHandler
                0x08000c88                I2C1_EV_IRQHandler
                0x08000c88                DMA1_Stream6_IRQHandler
                0x08000c88                DMA1_Stream1_IRQHandler
                0x08000c88                TIM3_IRQHandler
                0x08000c88                RCC_IRQHandler
                0x08000c88                TIM8_BRK_TIM12_IRQHandler
                0x08000c88                Default_Handler
                0x08000c88                EXTI15_10_IRQHandler
                0x08000c88                ADC_IRQHandler
                0x08000c88                DMA1_Stream7_IRQHandler
                0x08000c88                TIM5_IRQHandler
                0x08000c88                DMA2_Stream7_IRQHandler
                0x08000c88                I2C3_EV_IRQHandler
                0x08000c88                EXTI9_5_IRQHandler
                0x08000c88                RTC_WKUP_IRQHandler
                0x08000c88                SPI2_IRQHandler
                0x08000c88                MemManage_Handler
                0x08000c88                DMA1_Stream0_IRQHandler
                0x08000c88                SVC_Handler
                0x08000c88                EXTI4_IRQHandler
                0x08000c88                WWDG_IRQHandler
                0x08000c88                TIM2_IRQHandler
                0x08000c88                OTG_FS_WKUP_IRQHandler
                0x08000c88                TIM1_TRG_COM_TIM11_IRQHandler
                0x08000c88                EXTI1_IRQHandler
                0x08000c88                USART2_IRQHandler
                0x08000c88                I2C2_ER_IRQHandler
                0x08000c88                DMA2_Stream1_IRQHandler
                0x08000c88                FLASH_IRQHandler
                0x08000c88                DMA2_Stream4_IRQHandler
                0x08000c88                BusFault_Handler
                0x08000c88                USART1_IRQHandler
                0x08000c88                OTG_FS_IRQHandler
                0x08000c88                SPI3_IRQHandler
                0x08000c88                DMA1_Stream4_IRQHandler
                0x08000c88                I2C1_ER_IRQHandler
                0x08000c88                DMA2_Stream6_IRQHandler
                0x08000c88                DMA1_Stream3_IRQHandler
 *(.rodata)
 *(.rodata*)
 *fill*         0x08000c8a        0x2 
 .rodata.main.str1.4
                0x08000c8c      0x46c build/main.o
                                0x447 (size before relaxing)
 .rodata.motion_trend_str.str1.4
                0x080010f8       0x24 build/motion.o
                0x0800111c                        . = ALIGN (0x4)
                0x080010f8                        _etext = .
                0x08001100                        _sidata = LOADADDR (.data)

.glue_7         0x080010f8        0x0
 .glue_7        0x080010f8        0x0 linker stubs

.glue_7t        0x080010f8        0x0
 .glue_7t       0x080010f8        0x0 linker stubs

.vfp11_veneer   0x080010f8        0x0
 .vfp11_veneer  0x080010f8        0x0 linker stubs

.v4_bx          0x080010f8        0x0
 .v4_bx         0x080010f8        0x0 linker stubs

.init           0x080010f8        0x4
 .init          0x080010f8        0x4 /usr/lib/gcc/arm-none-eabi/13.2.1/thumb/v7e-m+fp/hard/crti.o
                0x080010f8                _init

.fini           0x080010fc        0x4
 .fini          0x080010fc        0x4 /usr/lib/gcc/arm-none-eabi/13.2.1/thumb/v7e-m+fp/hard/crti.o
                0x080010fc                _fini

.iplt           0x08001100        0x0
 .iplt          0x08001100        0x0 build/main.o

.rel.dyn        0x08001100        0x0
 .rel.iplt      0x08001100        0x0 build/main.o

.data           0x20000000        0x0 load address 0x08001100
                0x20000000                        . = ALIGN (0x4)
                0x20000000                        _sdata = .
 *(.data)
 *(.data*)
                0x20000000                        . = ALIGN (0x4)
                0x20000000                        _edata = .

.igot.plt       0x20000000        0x0 load address 0x08001100
 .igot.plt      0x20000000        0x0 build/main.o

.bss            0x20000000       0x30 load address 0x08001100
                0x20000000                        . = ALIGN (0x4)
                0x20000000                        _sbss = .
 *(.bss)
 *(.bss*)
 .bss.sys_tick_ms
                0x20000000        0x4 build/system.o
 .bss.speed_full
                0x20000004        0x1 build/motion.o
 .bss.speed_idx
                0x20000005        0x1 build/motion.o
 *fill*         0x20000006        0x2 
 .bss.speed_buf
                0x20000008       0x28 build/motion.o
 *(COMMON)
                0x20000030                        . = ALIGN (0x4)
                0x20000030                        _ebss = .
OUTPUT(build/distance_analyzer.elf elf32-littlearm)
LOAD linker stubs

.ARM.attributes
                0x00000000       0x30
 .ARM.attributes
                0x00000000       0x22 /usr/lib/gcc/arm-none-eabi/13.2.1/thumb/v7e-m+fp/hard/crti.o
 .ARM.attributes
                0x00000022       0x34 build/main.o
 .ARM.attributes
                0x00000056       0x34 build/system.o
 .ARM.attributes
                0x0000008a       0x34 build/hc_sr04.o
 .ARM.attributes
                0x000000be       0x34 build/uart.o
 .ARM.attributes
                0x000000f2       0x34 build/motion.o
 .ARM.attributes
                0x00000126       0x21 build/startup_stm32f411retx.o

.comment        0x00000000       0x26
 .comment       0x00000000       0x26 build/main.o
                                 0x27 (size before relaxing)
 .comment       0x00000026       0x27 build/system.o
 .comment       0x00000026       0x27 build/hc_sr04.o
 .comment       0x00000026       0x27 build/uart.o
 .comment       0x00000026       0x27 build/motion.o

Cross Reference Table

Symbol                                            File
ADC_IRQHandler                                    build/startup_stm32f411retx.o
BusFault_Handler                                  build/startup_stm32f411retx.o
DMA1_Stream0_IRQHandler                           build/startup_stm32f411retx.o
DMA1_Stream1_IRQHandler                           build/startup_stm32f411retx.o
DMA1_Stream2_IRQHandler                           build/startup_stm32f411retx.o
DMA1_Stream3_IRQHandler                           build/startup_stm32f411retx.o
DMA1_Stream4_IRQHandler                           build/startup_stm32f411retx.o
DMA1_Stream5_IRQHandler                           build/startup_stm32f411retx.o
DMA1_Stream6_IRQHandler                           build/startup_stm32f411retx.o
DMA1_Stream7_IRQHandler                           build/startup_stm32f411retx.o
DMA2_Stream0_IRQHandler                           build/startup_stm32f411retx.o
DMA2_Stream1_IRQHandler                           build/startup_stm32f411retx.o
DMA2_Stream2_IRQHandler                           build/startup_stm32f411retx.o
DMA2_Stream3_IRQHandler                           build/startup_stm32f411retx.o
DMA2_Stream4_IRQHandler                           build/startup_stm32f411retx.o
DMA2_Stream5_IRQHandler                           build/startup_stm32f411retx.o
DMA2_Stream6_IRQHandler                           build/startup_stm32f411retx.o
DMA2_Stream7_IRQHandler                           build/startup_stm32f411retx.o
DebugMon_Handler                                  build/startup_stm32f411retx.o
Default_Handler                                   build/startup_stm32f411retx.o
EXTI0_IRQHandler                                  build/startup_stm32f411retx.o
EXTI15_10_IRQHandler                              build/startup_stm32f411retx.o
EXTI1_IRQHandler                                  build/startup_stm32f411retx.o
EXTI2_IRQHandler                                  build/startup_stm32f411retx.o
EXTI3_IRQHandler                                  build/startup_stm32f411retx.o
EXTI4_IRQHandler                                  build/startup_stm32f411retx.o
EXTI9_5_IRQHandler                                build/startup_stm32f411retx.o
FLASH_IRQHandler                                  build/startup_stm32f411retx.o
FPU_IRQHandler                                    build/startup_stm32f411retx.o
HardFault_Handler                                 build/startup_stm32f411retx.o
I2C1_ER_IRQHandler                                build/startup_stm32f411retx.o
I2C1_EV_IRQHandler                                build/startup_stm32f411retx.o
I2C2_ER_IRQHandler                                build/startup_stm32f411retx.o
I2C2_EV_IRQHandler                                build/startup_stm32f411retx.o
I2C3_ER_IRQHandler                                build/startup_stm32f411retx.o
I2C3_EV_IRQHandler                                build/startup_stm32f411retx.o
MemManage_Handler                                 build/startup_stm32f411retx.o
NMI_Handler                                       build/startup_stm32f411retx.o
OTG_FS_IRQHandler                                 build/startup_stm32f411retx.o
OTG_FS_WKUP_IRQHandler                            build/startup_stm32f411retx.o
PVD_IRQHandler                                    build/startup_stm32f411retx.o
PendSV_Handler                                    build/startup_stm32f411retx.o
RCC_IRQHandler                                    build/startup_stm32f411retx.o
RTC_Alarm_IRQHandler                              build/startup_stm32f411retx.o
RTC_WKUP_IRQHandler                               build/startup_stm32f411retx.o
Reset_Handler                                     build/startup_stm32f411retx.o
SDIO_IRQHandler                                   build/startup_stm32f411retx.o
SPI1_IRQHandler                                   build/startup_stm32f411retx.o
SPI2_IRQHandler                                   build/startup_stm32f411retx.o
SPI3_IRQHandler                                   build/startup_stm32f411retx.o
SPI4_IRQHandler                                   build/startup_stm32f411retx.o
SVC_Handler                                       build/startup_stm32f411retx.o
SysTick_Handler                                   build/system.o
TAMP_STAMP_IRQHandler                             build/startup_stm32f411retx.o
TIM1_BRK_TIM9_IRQHandler                          build/startup_stm32f411retx.o
TIM1_CC_IRQHandler                                build/startup_stm32f411retx.o
TIM1_TRG_COM_TIM11_IRQHandler                     build/startup_stm32f411retx.o
TIM1_UP_TIM10_IRQHandler                          build/startup_stm32f411retx.o
TIM2_IRQHandler                                   build/startup_stm32f411retx.o
TIM3_IRQHandler                                   build/startup_stm32f411retx.o
TIM4_IRQHandler                                   build/startup_stm32f411retx.o
TIM5_IRQHandler                                   build/startup_stm32f411retx.o
TIM8_BRK_TIM12_IRQHandler                         build/startup_stm32f411retx.o
TIM8_CC_IRQHandler                                build/startup_stm32f411retx.o
TIM8_TRG_COM_TIM14_IRQHandler                     build/startup_stm32f411retx.o
TIM8_UP_TIM13_IRQHandler                          build/startup_stm32f411retx.o
USART1_IRQHandler                                 build/startup_stm32f411retx.o
USART2_IRQHandler                                 build/startup_stm32f411retx.o
USART3_IRQHandler                                 build/startup_stm32f411retx.o
USART6_IRQHandler                                 build/startup_stm32f411retx.o
UsageFault_Handler                                build/startup_stm32f411retx.o
WWDG_IRQHandler                                   build/startup_stm32f411retx.o
_ITM_deregisterTMCloneTable                       /usr/lib/gcc/arm-none-eabi/13.2.1/thumb/v7e-m+fp/hard/crtbegin.o
_ITM_registerTMCloneTable                         /usr/lib/gcc/arm-none-eabi/13.2.1/thumb/v7e-m+fp/hard/crtbegin.o
__TMC_END__                                       /usr/lib/gcc/arm-none-eabi/13.2.1/thumb/v7e-m+fp/hard/crtend.o
                                                  /usr/lib/gcc/arm-none-eabi/13.2.1/thumb/v7e-m+fp/hard/crtbegin.o
__atexit                                          /usr/lib/gcc/arm-none-eabi/13.2.1/../../../arm-none-eabi/lib/thumb/v7e-m+fp/hard/libc_nano.a(libc_a-__call_atexit.o)
                                                  /usr/lib/gcc/arm-none-eabi/13.2.1/../../../arm-none-eabi/lib/thumb/v7e-m+fp/hard/libc_nano.a(libc_a-__atexit.o)
__atexit0                                         /usr/lib/gcc/arm-none-eabi/13.2.1/../../../arm-none-eabi/lib/thumb/v7e-m+fp/hard/libc_nano.a(libc_a-__atexit.o)
__atexit_dummy                                    /usr/lib/gcc/arm-none-eabi/13.2.1/../../../arm-none-eabi/lib/thumb/v7e-m+fp/hard/libc_nano.a(libc_a-__atexit.o)
__bss_end__                                       /usr/lib/gcc/arm-none-eabi/13.2.1/../../../arm-none-eabi/lib/thumb/v7e-m+fp/hard/crt0.o
__bss_start__                                     /usr/lib/gcc/arm-none-eabi/13.2.1/../../../arm-none-eabi/lib/thumb/v7e-m+fp/hard/crt0.o
__call_exitprocs                                  /usr/lib/gcc/arm-none-eabi/13.2.1/../../../arm-none-eabi/lib/thumb/v7e-m+fp/hard/libc_nano.a(libc_a-__call_atexit.o)
                                                  /usr/lib/gcc/arm-none-eabi/13.2.1/../../../arm-none-eabi/lib/thumb/v7e-m+fp/hard/libc_nano.a(libc_a-__atexit.o)
                                                  /usr/lib/gcc/arm-none-eabi/13.2.1/../../../arm-none-eabi/lib/thumb/v7e-m+fp/hard/libc_nano.a(libc_a-exit.o)
__deregister_frame_info                           /usr/lib/gcc/arm-none-eabi/13.2.1/thumb/v7e-m+fp/hard/crtbegin.o
__dso_handle                                      /usr/lib/gcc/arm-none-eabi/13.2.1/thumb/v7e-m+fp/hard/crtbegin.o
__fini_array_end                                  /usr/lib/gcc/arm-none-eabi/13.2.1/../../../arm-none-eabi/lib/thumb/v7e-m+fp/hard/libc_nano.a(libc_a-fini.o)
__fini_array_start                                /usr/lib/gcc/arm-none-eabi/13.2.1/../../../arm-none-eabi/lib/thumb/v7e-m+fp/hard/libc_nano.a(libc_a-fini.o)
__fp_lock_all                                     /usr/lib/gcc/arm-none-eabi/13.2.1/../../../arm-none-eabi/lib/thumb/v7e-m+fp/hard/libc_nano.a(libc_a-findfp.o)
__fp_unlock_all                                   /usr/lib/gcc/arm-none-eabi/13.2.1/../../../arm-none-eabi/lib/thumb/v7e-m+fp/hard/libc_nano.a(libc_a-findfp.o)
__init_array_end                                  /usr/lib/gcc/arm-none-eabi/13.2.1/../../../arm-none-eabi/lib/thumb/v7e-m+fp/hard/libc_nano.a(libc_a-init.o)
__init_array_start                                /usr/lib/gcc/arm-none-eabi/13.2.1/../../../arm-none-eabi/lib/thumb/v7e-m+fp/hard/libc_nano.a(libc_a-init.o)
__libc_fini_array                                 /usr/lib/gcc/arm-none-eabi/13.2.1/../../../arm-none-eabi/lib/thumb/v7e-m+fp/hard/libc_nano.a(libc_a-fini.o)
                                                  /usr/lib/gcc/arm-none-eabi/13.2.1/../../../arm-none-eabi/lib/thumb/v7e-m+fp/hard/crt0.o
__libc_init_array                                 /usr/lib/gcc/arm-none-eabi/13.2.1/../../../arm-none-eabi/lib/thumb/v7e-m+fp/hard/libc_nano.a(libc_a-init.o)
                                                  /usr/lib/gcc/arm-none-eabi/13.2.1/../../../arm-none-eabi/lib/thumb/v7e-m+fp/hard/crt0.o
__malloc_free_list                                /usr/lib/gcc/arm-none-eabi/13.2.1/../../../arm-none-eabi/lib/thumb/v7e-m+fp/hard/libc_nano.a(libc_a-mallocr.o)
                                                  /usr/lib/gcc/arm-none-eabi/13.2.1/../../../arm-none-eabi/lib/thumb/v7e-m+fp/hard/libc_nano.a(libc_a-freer.o)
__malloc_lock                                     /usr/lib/gcc/arm-none-eabi/13.2.1/../../../arm-none-eabi/lib/thumb/v7e-m+fp/hard/libc_nano.a(libc_a-mlock.o)
                                                  /usr/lib/gcc/arm-none-eabi/13.2.1/../../../arm-none-eabi/lib/thumb/v7e-m+fp/hard/libc_nano.a(libc_a-freer.o)
                                                  /usr/lib/gcc/arm-none-eabi/13.2.1/../../../arm-none-eabi/lib/thumb/v7e-m+fp/hard/libc_nano.a(libc_a-mallocr.o)
__malloc_sbrk_start                               /usr/lib/gcc/arm-none-eabi/13.2.1/../../../arm-none-eabi/lib/thumb/v7e-m+fp/hard/libc_nano.a(libc_a-mallocr.o)
__malloc_unlock                                   /usr/lib/gcc/arm-none-eabi/13.2.1/../../../arm-none-eabi/lib/thumb/v7e-m+fp/hard/libc_nano.a(libc_a-mlock.o)
                                                  /usr/lib/gcc/arm-none-eabi/13.2.1/../../../arm-none-eabi/lib/thumb/v7e-m+fp/hard/libc_nano.a(libc_a-freer.o)
                                                  /usr/lib/gcc/arm-none-eabi/13.2.1/../../../arm-none-eabi/lib/thumb/v7e-m+fp/hard/libc_nano.a(libc_a-mallocr.o)
__on_exit_args                                    /usr/lib/gcc/arm-none-eabi/13.2.1/../../../arm-none-eabi/lib/thumb/v7e-m+fp/hard/libc_nano.a(libc_a-__atexit.o)
__preinit_array_end                               /usr/lib/gcc/arm-none-eabi/13.2.1/../../../arm-none-eabi/lib/thumb/v7e-m+fp/hard/libc_nano.a(libc_a-init.o)
__preinit_array_start                             /usr/lib/gcc/arm-none-eabi/13.2.1/../../../arm-none-eabi/lib/thumb/v7e-m+fp/hard/libc_nano.a(libc_a-init.o)
__register_exitproc                               /usr/lib/gcc/arm-none-eabi/13.2.1/../../../arm-none-eabi/lib/thumb/v7e-m+fp/hard/libc_nano.a(libc_a-__atexit.o)
                                                  /usr/lib/gcc/arm-none-eabi/13.2.1/../../../arm-none-eabi/lib/thumb/v7e-m+fp/hard/libc_nano.a(libc_a-atexit.o)
__register_frame_info                             /usr/lib/gcc/arm-none-eabi/13.2.1/thumb/v7e-m+fp/hard/crtbegin.o
__sclose                                          /usr/lib/gcc/arm-none-eabi/13.2.1/../../../arm-none-eabi/lib/thumb/v7e-m+fp/hard/libc_nano.a(libc_a-stdio.o)
                                                  /usr/lib/gcc/arm-none-eabi/13.2.1/../../../arm-none-eabi/lib/thumb/v7e-m+fp/hard/libc_nano.a(libc_a-findfp.o)
__seofread                                        /usr/lib/gcc/arm-none-eabi/13.2.1/../../../arm-none-eabi/lib/thumb/v7e-m+fp/hard/libc_nano.a(libc_a-stdio.o)
__sf                                              /usr/lib/gcc/arm-none-eabi/13.2.1/../../../arm-none-eabi/lib/thumb/v7e-m+fp/hard/libc_nano.a(libc_a-findfp.o)
                                                  /usr/lib/gcc/arm-none-eabi/13.2.1/../../../arm-none-eabi/lib/thumb/v7e-m+fp/hard/libc_nano.a(libc_a-impure.o)
__sflush_r                                        /usr/lib/gcc/arm-none-eabi/13.2.1/../../../arm-none-eabi/lib/thumb/v7e-m+fp/hard/libc_nano.a(libc_a-fflush.o)
__sfp                                             /usr/lib/gcc/arm-none-eabi/13.2.1/../../../arm-none-eabi/lib/thumb/v7e-m+fp/hard/libc_nano.a(libc_a-findfp.o)
__sfp_lock_acquire                                /usr/lib/gcc/arm-none-eabi/13.2.1/../../../arm-none-eabi/lib/thumb/v7e-m+fp/hard/libc_nano.a(libc_a-findfp.o)
__sfp_lock_release                                /usr/lib/gcc/arm-none-eabi/13.2.1/../../../arm-none-eabi/lib/thumb/v7e-m+fp/hard/libc_nano.a(libc_a-findfp.o)
__sglue                                           /usr/lib/gcc/arm-none-eabi/13.2.1/../../../arm-none-eabi/lib/thumb/v7e-m+fp/hard/libc_nano.a(libc_a-findfp.o)
                                                  /usr/lib/gcc/arm-none-eabi/13.2.1/../../../arm-none-eabi/lib/thumb/v7e-m+fp/hard/libc_nano.a(libc_a-fflush.o)
__sinit                                           /usr/lib/gcc/arm-none-eabi/13.2.1/../../../arm-none-eabi/lib/thumb/v7e-m+fp/hard/libc_nano.a(libc_a-findfp.o)
                                                  /usr/lib/gcc/arm-none-eabi/13.2.1/../../../arm-none-eabi/lib/thumb/v7e-m+fp/hard/libc_nano.a(libc_a-fflush.o)
__sread                                           /usr/lib/gcc/arm-none-eabi/13.2.1/../../../arm-none-eabi/lib/thumb/v7e-m+fp/hard/libc_nano.a(libc_a-stdio.o)
                                                  /usr/lib/gcc/arm-none-eabi/13.2.1/../../../arm-none-eabi/lib/thumb/v7e-m+fp/hard/libc_nano.a(libc_a-findfp.o)
__sseek                                           /usr/lib/gcc/arm-none-eabi/13.2.1/../../../arm-none-eabi/lib/thumb/v7e-m+fp/hard/libc_nano.a(libc_a-stdio.o)
                                                  /usr/lib/gcc/arm-none-eabi/13.2.1/../../../arm-none-eabi/lib/thumb/v7e-m+fp/hard/libc_nano.a(libc_a-findfp.o)
__stack                                           /usr/lib/gcc/arm-none-eabi/13.2.1/../../../arm-none-eabi/lib/thumb/v7e-m+fp/hard/crt0.o
__stdio_exit_handler                              /usr/lib/gcc/arm-none-eabi/13.2.1/../../../arm-none-eabi/lib/thumb/v7e-m+fp/hard/libc_nano.a(libc_a-findfp.o)
                                                  /usr/lib/gcc/arm-none-eabi/13.2.1/../../../arm-none-eabi/lib/thumb/v7e-m+fp/hard/libc_nano.a(libc_a-exit.o)
__swrite                                          /usr/lib/gcc/arm-none-eabi/13.2.1/../../../arm-none-eabi/lib/thumb/v7e-m+fp/hard/libc_nano.a(libc_a-stdio.o)
                                                  /usr/lib/gcc/arm-none-eabi/13.2.1/../../../arm-none-eabi/lib/thumb/v7e-m+fp/hard/libc_nano.a(libc_a-findfp.o)
_close                                            /usr/lib/gcc/arm-none-eabi/13.2.1/../../../arm-none-eabi/lib/thumb/v7e-m+fp/hard/libnosys.a(close.o)
                                                  /usr/lib/gcc/arm-none-eabi/13.2.1/../../../arm-none-eabi/lib/thumb/v7e-m+fp/hard/libc_nano.a(libc_a-closer.o)
_close_r                                          /usr/lib/gcc/arm-none-eabi/13.2.1/../../../arm-none-eabi/lib/thumb/v7e-m+fp/hard/libc_nano.a(libc_a-closer.o)
                                                  /usr/lib/gcc/arm-none-eabi/13.2.1/../../../arm-none-eabi/lib/thumb/v7e-m+fp/hard/libc_nano.a(libc_a-stdio.o)
_ebss                                             build/startup_stm32f411retx.o
_edata                                            build/startup_stm32f411retx.o
_estack                                           build/startup_stm32f411retx.o
_exit                                             /usr/lib/gcc/arm-none-eabi/13.2.1/../../../arm-none-eabi/lib/thumb/v7e-m+fp/hard/libnosys.a(_exit.o)
                                                  /usr/lib/gcc/arm-none-eabi/13.2.1/../../../arm-none-eabi/lib/thumb/v7e-m+fp/hard/libc_nano.a(libc_a-exit.o)
_fflush_r                                         /usr/lib/gcc/arm-none-eabi/13.2.1/../../../arm-none-eabi/lib/thumb/v7e-m+fp/hard/libc_nano.a(libc_a-fflush.o)
                                                  /usr/lib/gcc/arm-none-eabi/13.2.1/../../../arm-none-eabi/lib/thumb/v7e-m+fp/hard/libc_nano.a(libc_a-findfp.o)
_fini                                             /usr/lib/gcc/arm-none-eabi/13.2.1/thumb/v7e-m+fp/hard/crti.o
                                                  /usr/lib/gcc/arm-none-eabi/13.2.1/../../../arm-none-eabi/lib/thumb/v7e-m+fp/hard/libc_nano.a(libc_a-fini.o)
_free_r                                           /usr/lib/gcc/arm-none-eabi/13.2.1/../../../arm-none-eabi/lib/thumb/v7e-m+fp/hard/libc_nano.a(libc_a-freer.o)
                                                  /usr/lib/gcc/arm-none-eabi/13.2.1/../../../arm-none-eabi/lib/thumb/v7e-m+fp/hard/libc_nano.a(libc_a-reent.o)
                                                  /usr/lib/gcc/arm-none-eabi/13.2.1/../../../arm-none-eabi/lib/thumb/v7e-m+fp/hard/libc_nano.a(libc_a-fflush.o)
_fwalk_sglue                                      /usr/lib/gcc/arm-none-eabi/13.2.1/../../../arm-none-eabi/lib/thumb/v7e-m+fp/hard/libc_nano.a(libc_a-fwalk.o)
                                                  /usr/lib/gcc/arm-none-eabi/13.2.1/../../../arm-none-eabi/lib/thumb/v7e-m+fp/hard/libc_nano.a(libc_a-fflush.o)
                                                  /usr/lib/gcc/arm-none-eabi/13.2.1/../../../arm-none-eabi/lib/thumb/v7e-m+fp/hard/libc_nano.a(libc_a-findfp.o)
_impure_data                                      /usr/lib/gcc/arm-none-eabi/13.2.1/../../../arm-none-eabi/lib/thumb/v7e-m+fp/hard/libc_nano.a(libc_a-impure.o)
                                                  /usr/lib/gcc/arm-none-eabi/13.2.1/../../../arm-none-eabi/lib/thumb/v7e-m+fp/hard/libc_nano.a(libc_a-fflush.o)
                                                  /usr/lib/gcc/arm-none-eabi/13.2.1/../../../arm-none-eabi/lib/thumb/v7e-m+fp/hard/libc_nano.a(libc_a-findfp.o)
_impure_ptr                                       /usr/lib/gcc/arm-none-eabi/13.2.1/../../../arm-none-eabi/lib/thumb/v7e-m+fp/hard/libc_nano.a(libc_a-impure.o)
                                                  /usr/lib/gcc/arm-none-eabi/13.2.1/../../../arm-none-eabi/lib/thumb/v7e-m+fp/hard/libc_nano.a(libc_a-reent.o)
                                                  /usr/lib/gcc/arm-none-eabi/13.2.1/../../../arm-none-eabi/lib/thumb/v7e-m+fp/hard/libc_nano.a(libc_a-fflush.o)
_init                                             /usr/lib/gcc/arm-none-eabi/13.2.1/thumb/v7e-m+fp/hard/crti.o
                                                  /usr/lib/gcc/arm-none-eabi/13.2.1/../../../arm-none-eabi/lib/thumb/v7e-m+fp/hard/libc_nano.a(libc_a-init.o)
_lseek                                            /usr/lib/gcc/arm-none-eabi/13.2.1/../../../arm-none-eabi/lib/thumb/v7e-m+fp/hard/libnosys.a(lseek.o)
                                                  /usr/lib/gcc/arm-none-eabi/13.2.1/../../../arm-none-eabi/lib/thumb/v7e-m+fp/hard/libc_nano.a(libc_a-lseekr.o)
_lseek_r                                          /usr/lib/gcc/arm-none-eabi/13.2.1/../../../arm-none-eabi/lib/thumb/v7e-m+fp/hard/libc_nano.a(libc_a-lseekr.o)
                                                  /usr/lib/gcc/arm-none-eabi/13.2.1/../../../arm-none-eabi/lib/thumb/v7e-m+fp/hard/libc_nano.a(libc_a-stdio.o)
_mainCRTStartup                                   /usr/lib/gcc/arm-none-eabi/13.2.1/../../../arm-none-eabi/lib/thumb/v7e-m+fp/hard/crt0.o
_malloc_r                                         /usr/lib/gcc/arm-none-eabi/13.2.1/../../../arm-none-eabi/lib/thumb/v7e-m+fp/hard/libc_nano.a(libc_a-mallocr.o)
                                                  /usr/lib/gcc/arm-none-eabi/13.2.1/../../../arm-none-eabi/lib/thumb/v7e-m+fp/hard/libc_nano.a(libc_a-findfp.o)
_read                                             /usr/lib/gcc/arm-none-eabi/13.2.1/../../../arm-none-eabi/lib/thumb/v7e-m+fp/hard/libnosys.a(read.o)
                                                  /usr/lib/gcc/arm-none-eabi/13.2.1/../../../arm-none-eabi/lib/thumb/v7e-m+fp/hard/libc_nano.a(libc_a-readr.o)
_read_r                                           /usr/lib/gcc/arm-none-eabi/13.2.1/../../../arm-none-eabi/lib/thumb/v7e-m+fp/hard/libc_nano.a(libc_a-readr.o)
                                                  /usr/lib/gcc/arm-none-eabi/13.2.1/../../../arm-none-eabi/lib/thumb/v7e-m+fp/hard/libc_nano.a(libc_a-stdio.o)
_reclaim_reent                                    /usr/lib/gcc/arm-none-eabi/13.2.1/../../../arm-none-eabi/lib/thumb/v7e-m+fp/hard/libc_nano.a(libc_a-reent.o)
_sbrk                                             /usr/lib/gcc/arm-none-eabi/13.2.1/../../../arm-none-eabi/lib/thumb/v7e-m+fp/hard/libnosys.a(sbrk.o)
                                                  /usr/lib/gcc/arm-none-eabi/13.2.1/../../../arm-none-eabi/lib/thumb/v7e-m+fp/hard/libc_nano.a(libc_a-sbrkr.o)
_sbrk_r                                           /usr/lib/gcc/arm-none-eabi/13.2.1/../../../arm-none-eabi/lib/thumb/v7e-m+fp/hard/libc_nano.a(libc_a-sbrkr.o)
                                                  /usr/lib/gcc/arm-none-eabi/13.2.1/../../../arm-none-eabi/lib/thumb/v7e-m+fp/hard/libc_nano.a(libc_a-mallocr.o)
_sbss                                             build/startup_stm32f411retx.o
_sdata                                            build/startup_stm32f411retx.o
_sidata                                           build/startup_stm32f411retx.o
_stack_init                                       /usr/lib/gcc/arm-none-eabi/13.2.1/../../../arm-none-eabi/lib/thumb/v7e-m+fp/hard/crt0.o
_start                                            /usr/lib/gcc/arm-none-eabi/13.2.1/../../../arm-none-eabi/lib/thumb/v7e-m+fp/hard/crt0.o
_write                                            /usr/lib/gcc/arm-none-eabi/13.2.1/../../../arm-none-eabi/lib/thumb/v7e-m+fp/hard/libnosys.a(write.o)
                                                  /usr/lib/gcc/arm-none-eabi/13.2.1/../../../arm-none-eabi/lib/thumb/v7e-m+fp/hard/libc_nano.a(libc_a-writer.o)
_write_r                                          /usr/lib/gcc/arm-none-eabi/13.2.1/../../../arm-none-eabi/lib/thumb/v7e-m+fp/hard/libc_nano.a(libc_a-writer.o)
                                                  /usr/lib/gcc/arm-none-eabi/13.2.1/../../../arm-none-eabi/lib/thumb/v7e-m+fp/hard/libc_nano.a(libc_a-stdio.o)
atexit                                            /usr/lib/gcc/arm-none-eabi/13.2.1/../../../arm-none-eabi/lib/thumb/v7e-m+fp/hard/libc_nano.a(libc_a-atexit.o)
                                                  /usr/lib/gcc/arm-none-eabi/13.2.1/../../../arm-none-eabi/lib/thumb/v7e-m+fp/hard/crt0.o
delay_ms                                          build/system.o
                                                  build/main.o
delay_us                                          build/system.o
                                                  build/hc_sr04.o
end                                               /usr/lib/gcc/arm-none-eabi/13.2.1/../../../arm-none-eabi/lib/thumb/v7e-m+fp/hard/libnosys.a(sbrk.o)
errno                                             /usr/lib/gcc/arm-none-eabi/13.2.1/../../../arm-none-eabi/lib/thumb/v7e-m+fp/hard/libc_nano.a(libc_a-reent.o)
                                                  /usr/lib/gcc/arm-none-eabi/13.2.1/../../../arm-none-eabi/lib/thumb/v7e-m+fp/hard/libnosys.a(write.o)
                                                  /usr/lib/gcc/arm-none-eabi/13.2.1/../../../arm-none-eabi/lib/thumb/v7e-m+fp/hard/libnosys.a(read.o)
                                                  /usr/lib/gcc/arm-none-eabi/13.2.1/../../../arm-none-eabi/lib/thumb/v7e-m+fp/hard/libnosys.a(lseek.o)
                                                  /usr/lib/gcc/arm-none-eabi/13.2.1/../../../arm-none-eabi/lib/thumb/v7e-m+fp/hard/libnosys.a(close.o)
                                                  /usr/lib/gcc/arm-none-eabi/13.2.1/../../../arm-none-eabi/lib/thumb/v7e-m+fp/hard/libc_nano.a(libc_a-writer.o)
                                                  /usr/lib/gcc/arm-none-eabi/13.2.1/../../../arm-none-eabi/lib/thumb/v7e-m+fp/hard/libc_nano.a(libc_a-lseekr.o)
                                                  /usr/lib/gcc/arm-none-eabi/13.2.1/../../../arm-none-eabi/lib/thumb/v7e-m+fp/hard/libc_nano.a(libc_a-readr.o)
                                                  /usr/lib/gcc/arm-none-eabi/13.2.1/../../../arm-none-eabi/lib/thumb/v7e-m+fp/hard/libc_nano.a(libc_a-closer.o)
                                                  /usr/lib/gcc/arm-none-eabi/13.2.1/../../../arm-none-eabi/lib/thumb/v7e-m+fp/hard/libc_nano.a(libc_a-sbrkr.o)
exit                                              /usr/lib/gcc/arm-none-eabi/13.2.1/../../../arm-none-eabi/lib/thumb/v7e-m+fp/hard/libc_nano.a(libc_a-exit.o)
                                                  /usr/lib/gcc/arm-none-eabi/13.2.1/../../../arm-none-eabi/lib/thumb/v7e-m+fp/hard/crt0.o
fflush                                            /usr/lib/gcc/arm-none-eabi/13.2.1/../../../arm-none-eabi/lib/thumb/v7e-m+fp/hard/libc_nano.a(libc_a-fflush.o)
g_pfnVectors                                      build/startup_stm32f411retx.o
get_tick_ms                                       build/system.o
                                                  build/uart.o
                                                  build/main.o
hardware_init_hook                                /usr/lib/gcc/arm-none-eabi/13.2.1/../../../arm-none-eabi/lib/thumb/v7e-m+fp/hard/crt0.o
hc_sr04_init                                      build/hc_sr04.o
                                                  build/main.o
hc_sr04_measure_cm_x100                           build/hc_sr04.o
                                                  build/main.o
hc_sr04_measure_us                                build/hc_sr04.o
main                                              build/main.o
                                                  build/startup_stm32f411retx.o
                                                  /usr/lib/gcc/arm-none-eabi/13.2.1/../../../arm-none-eabi/lib/thumb/v7e-m+fp/hard/crt0.o
malloc                                            /usr/lib/gcc/arm-none-eabi/13.2.1/../../../arm-none-eabi/lib/thumb/v7e-m+fp/hard/libc_nano.a(libc_a-__atexit.o)
memset                                            /usr/lib/gcc/arm-none-eabi/13.2.1/../../../arm-none-eabi/lib/thumb/v7e-m+fp/hard/libc_nano.a(libc_a-memset.o)
                                                  /usr/lib/gcc/arm-none-eabi/13.2.1/../../../arm-none-eabi/lib/thumb/v7e-m+fp/hard/libc_nano.a(libc_a-findfp.o)
                                                  /usr/lib/gcc/arm-none-eabi/13.2.1/../../../arm-none-eabi/lib/thumb/v7e-m+fp/hard/crt0.o
motion_avg_speed_x100                             build/motion.o
                                                  build/main.o
motion_classify                                   build/motion.o
                                                  build/main.o
motion_init                                       build/motion.o
                                                  build/main.o
motion_speed_x100                                 build/motion.o
                                                  build/main.o
motion_trend_str                                  build/motion.o
                                                  build/main.o
motion_update_window                              build/motion.o
                                                  build/main.o
software_init_hook                                /usr/lib/gcc/arm-none-eabi/13.2.1/../../../arm-none-eabi/lib/thumb/v7e-m+fp/hard/crt0.o
system_init                                       build/system.o
                                                  build/main.o
uart_getchar_nb                                   build/uart.o
                                                  build/main.o
uart_getchar_wait                                 build/uart.o
                                                  build/main.o
uart_init                                         build/uart.o
                                                  build/main.o
uart_print                                        build/uart.o
                                                  build/main.o
uart_print_cm                                     build/uart.o
                                                  build/main.o
uart_print_int                                    build/uart.o
uart_print_uint                                   build/uart.o
                                                  build/main.o
uart_putchar                                      build/uart.o
                                                  build/main.o
